[2026-05-13 20:29:44] [INFO    ] Carregando configurações da automação
[2026-05-13 20:29:44] [INFO    ]   Navegador  : Chromium (Chrome)
[2026-05-13 20:29:44] [INFO    ]   Modo       : Visível
[2026-05-13 20:29:44] [INFO    ]   Pesquisa   : cotação dólar hoje
[2026-05-13 20:29:44] [INFO    ]   Logs       : ./logs/
[2026-05-13 20:29:44] [INFO    ] Iniciando Playwright
[2026-05-13 20:29:51] [INFO    ] Abrindo navegador (Chromium (Chrome))
[2026-05-13 20:30:02] [INFO    ] Criando nova aba do navegador
[2026-05-13 20:30:06] [INFO    ] Navegador pronto para uso
[2026-05-13 20:30:06] [INFO    ] ============================================================
[2026-05-13 20:30:06] [INFO    ]   INICIANDO AUTOMAÇÃO — BOT COTAÇÃO DÓLAR
[2026-05-13 20:30:06] [INFO    ] ============================================================
[2026-05-13 20:30:06] [INFO    ] [PASSO 1/3] Abrindo site de pesquisa
[2026-05-13 20:30:06] [INFO    ] Acessando URL: https://www.google.com.br
[2026-05-13 20:30:10] [INFO    ] Aceitando termos de consentimento do Google
[2026-05-13 20:30:40] [INFO    ] [PASSO 2/3] Pesquisando cotação: 'cotação dólar hoje'
[2026-05-13 20:30:40] [INFO    ] Localizando campo de pesquisa
[2026-05-13 20:30:44] [INFO    ] Digitando termo de pesquisa: 'cotação dólar hoje'
[2026-05-13 20:30:44] [INFO    ] Submetendo pesquisa
[2026-05-13 20:30:45] [INFO    ] Página de resultados carregada
[2026-05-13 20:30:45] [INFO    ] [PASSO 3/3] Capturando dados da cotação
[2026-05-13 20:30:45] [INFO    ] Capturando valor atual do dólar (USD → BRL)
[2026-05-13 20:30:57] [WARNING ] Não foi possível capturar o valor do dólar com os seletores disponíveis
[2026-05-13 20:30:57] [INFO    ] Capturando variação em relação ao dia anterior
[2026-05-13 20:31:09] [WARNING ] Não foi possível capturar a variação
[2026-05-13 20:31:09] [INFO    ] ------------------------------------------------------------
[2026-05-13 20:31:09] [INFO    ]   RESULTADO FINAL DA COTAÇÃO
[2026-05-13 20:31:09] [INFO    ] ------------------------------------------------------------
[2026-05-13 20:31:09] [WARNING ]   Valor do dólar: não capturado
[2026-05-13 20:31:09] [WARNING ]   Variação: não capturada
[2026-05-13 20:31:09] [INFO    ]   Horário da consulta: 2026-05-13 20:30:06
[2026-05-13 20:31:09] [INFO    ]   Status: FALHA
[2026-05-13 20:31:09] [INFO    ] ============================================================
[2026-05-13 20:31:09] [INFO    ] Encerrando navegador
[2026-05-13 20:31:10] [INFO    ] Navegador encerrado com sucesso
[2026-05-13 20:31:10] [ERROR   ] Automação finalizada com FALHA — cotação não capturada
